Run time of job "job (trigger: interval[0:01:00], next run at: 2025-02-13 14:20:38 WET)" was missed by 0:00:03.849672
Run time of job "job (trigger: interval[0:01:00], next run at: 2025-02-13 14:22:38 WET)" was missed by 0:00:03.870968
